


                               g     g                                   
                               g     g
                                                                         
                                                                     
                         gg  
     gg                 gggg                                             
    gggg                gggg                     gg                      
    gggg                 gg                     gggg                     
     gg                                         gggg                     gg
                                                 gg                     gggggg
                                                                         gggggg
                                                                            gg
                                                                         
                                                                         

                                                                         
gggggggggggggg                                                                          gggggggggggg
g                                                                                                  g
g                                gggg
g                                 gggg
g                                 
g                                                        gggg
g                                                    gggggg
g                                                       gggg
g                                                       
g                                                       
g                                                       
g                                                       g
g
g
g
g
g
g
g
g
g
g
g
g
g
g
g
g
g
g
g
g
g
g
g
g            ggg
g            ggg
g            ggg
g
g
g
g
g
g
g                                    ggg
g                                    ggg
g                                    ggg
g
g
g
g
g
g
g                                                                gggg
g                                                                gggg
g                                                                gggg
g                                                                gggg
g
g
g
g    
g    
g
g
g
g
g
g
g
g
g
g
g
g
g
g
g
g
g
g
g
g
g
g                                                                   gggg
g                                                                    
gggggggggggggggggggggggggggggggggggggggggggggggggggggggggggggggggggggggggggggggggggggggggggggggggggg




