


                               g     g                                   
                               g     g
                                                                         
                                                                     
                         gg  
     gg                 gggg                                             
    gggg                gggg                     gg                      
    gggg                 gg                     gggg                     
     gg                                         gggg                     gg
                                                 gg                     gggggg
                                                                         gggggg
                                                                            gg
                                                                         
                                                                         

                                                                         
gggggggggggggg                                                                          gggggggggggg

                                gggg
                                 gggg
                                 
                                                        gggg
                                                    gggggg
                                                       gggg
                                                       
                                                       
                                                       
                                                       























            ggg
            ggg
            ggg






                                    ggg
                                    ggg
                                    ggg






                                                                gggg
                                                                gggg
                                                                gggg
                                                                gggg



    
    





















                                                                   gggg
                                                                    
gggggggggggggggggggggggggggggggggggggggggggggggggggggggggggggggggggggggggggggggggggggggggggggggggggg




