


                               g     g                                   
                               g     g
                                                                         
                            g          g                                 
                         gg  gggggggggg
     gg                 gggg                                             
    gggg                gggg                     gg                      
    gggg                 gg                     gggg                     
     gg                                         gggg                     gg
                                                 gg                     gggggg
                                                                         gggggg
                                                                            gg
                                                                         
                                                                         

                                                                         
gggggggggggggg                                                                          gggggggggggg

                                gggg
                                 gggg
                                 
                                                        gggg
                                                    gggggg
                                                       gggg
